Microchip MPLAB XC8 Compiler V2.32

Linker command line:

-W-3 --edf=C:\Program Files\Microchip\xc8\v2.32\pic\dat\en_msgs.txt -cn \
  -h+dist/default/production\D2_Lab2.X.production.sym \
  --cmf=dist/default/production\D2_Lab2.X.production.cmf -z -Q16F887 \
  -oC:\Users\fjltu\AppData\Local\Temp\xcAs15ho.4 --defsym=__MPLAB_BUILD=1 \
  -Mdist/default/production/D2_Lab2.X.production.map -E1 -ver=XC8 Compiler \
  --acfsm=1493 -ASTACK=0110h-016Fh -pstack=STACK -ACODE=00h-07FFhx4 \
  -ASTRCODE=00h-01FFFh -ASTRING=00h-0FFhx32 -ACONST=00h-0FFhx32 \
  -AENTRY=00h-0FFhx32 -ACOMMON=070h-07Fh -ABANK0=020h-06Fh \
  -ABANK1=0A0h-0EFh -ABANK2=0110h-016Fh -ABANK3=0190h-01EFh \
  -ARAM=020h-06Fh,0A0h-0EFh,0110h-016Fh,0190h-01EFh \
  -AABS1=020h-07Fh,0A0h-0EFh,0110h-016Fh,0190h-01EFh -ASFR0=00h-01Fh \
  -ASFR1=080h-09Fh -ASFR2=0100h-010Fh -ASFR3=0180h-018Fh \
  -ACONFIG=02007h-02008h -DCONFIG=2 -AIDLOC=02000h-02003h -DIDLOC=2 \
  -AEEDATA=00h-0FFh/02100h -peeprom_data=EEDATA -DEEDATA=2 -DCODE=2 \
  -DSTRCODE=2 -DSTRING=2 -DCONST=2 -DENTRY=2 \
  -preset_vec=00h,intentry=04h,init,end_init -ppowerup=CODE -pcinit=CODE \
  -pfunctab=ENTRY -k C:\Users\fjltu\AppData\Local\Temp\xcAs15ho.o \
  dist/default/production\D2_Lab2.X.production.o 

Object code version is 3.11

Machine type is 16F887



                Name                               Link     Load   Length Selector   Space Scale
C:\Users\fjltu\AppData\Local\Temp\xcAs15ho.o
                end_init                              E        E        3        8       0
                reset_vec                             0        0        3        0       0
                config                             2007     2007        2        0       4
dist/default/production\D2_Lab2.X.production.o
                cinit                                11       11       1B        8       0
                intentry                              4        4        A        8       0
                config                             2007     2007        2        0       4
                text21                              3B4      3B4       44        8       0
                text20                              4D6      4D6       1F        8       0
                text19                              58E      58E        3        8       0
                text18                              539      539       12        8       0
                text17                              587      587        7        8       0
                text16                              510      510       16        8       0
                text15                              1F5      1F5       69        8       0
                text14                              2BC      2BC       5B        8       0
                text13                              36E      36E       46        8       0
                text12                              3F8      3F8       3C        8       0
                text11                              25E      25E       5E        8       0
                text10                              573      573        C        8       0
                text9                               567      567        C        8       0
                text8                               317      317       57        8       0
                text7                               48E      48E       27        8       0
                text6                               461      461       2D        8       0
                text5                               4B5      4B5       21        8       0
                text4                               4F5      4F5       1B        8       0
                text3                               55B      55B        C        8       0
                text2                               434      434       2D        8       0
                text1                               18B      18B       6A        8       0
                maintext                             2C       2C      15F        8       0
                cstackBANK0                          20       20       1F       20       1
                cstackCOMMON                         70       70        8       70       1
                clrtext                             57F      57F        8        8       0
                inittext                            526      526       13        8       0
                dataBANK0                            51       51       10       20       1
                bssBANK0                             3F       3F       12       20       1
                bssCOMMON                            78       78        1       70       1
                idataBANK0                          54B      54B       10        8       0

TOTAL           Name                               Link     Load   Length     Space
        CLASS   STACK          

        CLASS   CODE           
                end_init                              E        E        3         0
                cinit                                11       11       1B         0
                intentry                              4        4        A         0
                reset_vec                             0        0        3         0
                text21                              3B4      3B4       44         0
                text20                              4D6      4D6       1F         0
                text19                              58E      58E        3         0
                text18                              539      539       12         0
                text17                              587      587        7         0
                text16                              510      510       16         0
                text15                              1F5      1F5       69         0
                text14                              2BC      2BC       5B         0
                text13                              36E      36E       46         0
                text12                              3F8      3F8       3C         0
                text11                              25E      25E       5E         0
                text10                              573      573        C         0
                text9                               567      567        C         0
                text8                               317      317       57         0
                text7                               48E      48E       27         0
                text6                               461      461       2D         0
                text5                               4B5      4B5       21         0
                text4                               4F5      4F5       1B         0
                text3                               55B      55B        C         0
                text2                               434      434       2D         0
                text1                               18B      18B       6A         0
                maintext                             2C       2C      15F         0
                clrtext                             57F      57F        8         0
                inittext                            526      526       13         0
                idataBANK0                          54B      54B       10         0

        CLASS   STRCODE        

        CLASS   STRING         

        CLASS   CONST          

        CLASS   ENTRY          

        CLASS   COMMON         
                cstackCOMMON                         70       70        8         1
                bssCOMMON                            78       78        1         1

        CLASS   BANK0          
                cstackBANK0                          20       20       1F         1
                dataBANK0                            51       51       10         1
                bssBANK0                             3F       3F       12         1

        CLASS   BANK1          

        CLASS   BANK2          

        CLASS   BANK3          

        CLASS   RAM            

        CLASS   ABS1           
                abs_s1                               7E       7E        2         1

        CLASS   SFR0           

        CLASS   SFR1           

        CLASS   SFR2           

        CLASS   SFR3           

        CLASS   CONFIG         
                config                             2007     2007        2         4

        CLASS   IDLOC          

        CLASS   EEDATA         



SEGMENTS        Name                           Load    Length   Top    Selector   Space  Class     Delta

                reset_vec                      000000  000003  000003         0       0  CODE        2
                intentry                       000004  00058D  000591         8       0  CODE        2
                cstackBANK0                    000020  000041  000061        20       1  BANK0       1
                cstackCOMMON                   000070  000009  000079        70       1  COMMON      1


UNUSED ADDRESS RANGES

        Name                Unused          Largest block    Delta
        BANK0            0061-006F              F           1
        BANK1            00A0-00EF             50           1
        BANK2            0110-016F             60           1
        BANK3            0190-01EF             60           1
        CODE             0003-0003              1           2
                         0591-1FFF            800
        COMMON           0079-007D              5           1
        CONST            0003-0003              1           2
                         0591-1FFF            100
        EEDATA           2100-21FF            100           2
        ENTRY            0003-0003              1           2
                         0591-1FFF            100
        IDLOC            2000-2003              4           2
        RAM              0061-006F              F           1
                         00A0-00EF             50
                         0110-016F             60
                         0190-01EF             60
        SFR0             0000-001F             20           1
        SFR1             0080-009F             20           1
        SFR2             0100-010F             10           1
        SFR3             0180-018F             10           1
        STACK            0110-016F             60           1
        STRCODE          0003-0003              1           2
                         0591-1FFF           1A6F
        STRING           0003-0003              1           2
                         0591-1FFF            100

                                  Symbol Table

?___awdiv                 cstackBANK0  0024
?___awmod                 cstackBANK0  0020
?___lwdiv                 cstackBANK0  0020
?___lwmod                 cstackBANK0  0020
?___wmul                  cstackBANK0  0020
?_map                     cstackBANK0  002C
?_strlen                  cstackCOMMON 0075
_ADCON0bits               (abs)        001F
_ADCON1bits               (abs)        009F
_ADRESH                   (abs)        001E
_ANSEL                    (abs)        0188
_ANSELH                   (abs)        0189
_BAUDCTLbits              (abs)        0187
_INTCONbits               (abs)        000B
_OSCCONbits               (abs)        008F
_PIE1bits                 (abs)        008C
_PIR1bits                 (abs)        000C
_PORTA                    (abs)        0005
_PORTB                    (abs)        0006
_PORTC                    (abs)        0007
_PORTCbits                (abs)        0007
_RCREG                    (abs)        001A
_RCSTAbits                (abs)        0018
_SPBRG                    (abs)        0099
_SPBRGH                   (abs)        009A
_TRISA                    (abs)        0085
_TRISB                    (abs)        0086
_TRISC                    (abs)        0087
_TXSTAbits                (abs)        0098
__Habs1                   abs1         0000
__Hbank0                  bank0        0000
__Hbank1                  bank1        0000
__Hbank2                  bank2        0000
__Hbank3                  bank3        0000
__HbssBANK0               bssBANK0     0000
__HbssCOMMON              bssCOMMON    0000
__Hcinit                  cinit        002C
__Hclrtext                clrtext      0000
__Hcode                   code         0000
__Hcommon                 common       0000
__Hconfig                 config       2009
__HcstackBANK0            cstackBANK0  0000
__HcstackCOMMON           cstackCOMMON 0000
__HdataBANK0              dataBANK0    0000
__Heeprom_data            eeprom_data  0000
__Hend_init               end_init     0011
__Hfunctab                functab      0000
__HidataBANK0             idataBANK0   0000
__Hinit                   init         000E
__Hinittext               inittext     0000
__Hintentry               intentry     000E
__Hmaintext               maintext     0000
__Hpowerup                powerup      0000
__Hram                    ram          0000
__Hreset_vec              reset_vec    0003
__Hsfr0                   sfr0         0000
__Hsfr1                   sfr1         0000
__Hsfr2                   sfr2         0000
__Hsfr3                   sfr3         0000
__Hspace_0                (abs)        0591
__Hspace_1                (abs)        0079
__Hspace_2                (abs)        0000
__Hspace_3                (abs)        0000
__Hspace_4                (abs)        4010
__Hstack                  stack        0000
__Hstrings                strings      0000
__Htext                   text         0000
__Labs1                   abs1         0000
__Lbank0                  bank0        0000
__Lbank1                  bank1        0000
__Lbank2                  bank2        0000
__Lbank3                  bank3        0000
__LbssBANK0               bssBANK0     0000
__LbssCOMMON              bssCOMMON    0000
__Lcinit                  cinit        0011
__Lclrtext                clrtext      0000
__Lcode                   code         0000
__Lcommon                 common       0000
__Lconfig                 config       0000
__LcstackBANK0            cstackBANK0  0000
__LcstackCOMMON           cstackCOMMON 0000
__LdataBANK0              dataBANK0    0000
__Leeprom_data            eeprom_data  0000
__Lend_init               end_init     000E
__Lfunctab                functab      0000
__LidataBANK0             idataBANK0   0000
__Linit                   init         000E
__Linittext               inittext     0000
__Lintentry               intentry     0004
__Lmaintext               maintext     0000
__Lpowerup                powerup      0000
__Lram                    ram          0000
__Lreset_vec              reset_vec    0000
__Lsfr0                   sfr0         0000
__Lsfr1                   sfr1         0000
__Lsfr2                   sfr2         0000
__Lsfr3                   sfr3         0000
__Lspace_0                (abs)        0000
__Lspace_1                (abs)        0000
__Lspace_2                (abs)        0000
__Lspace_3                (abs)        0000
__Lspace_4                (abs)        0000
__Lstack                  stack        0000
__Lstrings                strings      0000
__Ltext                   text         0000
__S0                      (abs)        0591
__S1                      (abs)        0079
__S2                      (abs)        0000
__S3                      (abs)        0000
___awdiv                  text15       01F5
___awdiv@counter          cstackBANK0  0028
___awdiv@dividend         cstackBANK0  0026
___awdiv@divisor          cstackBANK0  0024
___awdiv@quotient         cstackBANK0  002A
___awdiv@sign             cstackBANK0  0029
___awmod                  text14       02BC
___awmod@counter          cstackCOMMON 0076
___awmod@dividend         cstackBANK0  0022
___awmod@divisor          cstackBANK0  0020
___awmod@sign             cstackCOMMON 0077
___int_sp                 stack        0000
___latbits                (abs)        0002
___lwdiv                  text13       036E
___lwdiv@counter          cstackBANK0  0024
___lwdiv@dividend         cstackBANK0  0022
___lwdiv@divisor          cstackBANK0  0020
___lwdiv@quotient         cstackBANK0  0025
___lwmod                  text12       03F8
___lwmod@counter          cstackCOMMON 0076
___lwmod@dividend         cstackBANK0  0022
___lwmod@divisor          cstackBANK0  0020
___sp                     stack        0000
___stackhi                (abs)        0000
___stacklo                (abs)        0000
___wmul                   text7        048E
___wmul@multiplicand      cstackBANK0  0022
___wmul@multiplier        cstackBANK0  0020
___wmul@product           cstackCOMMON 0075
__end_of___awdiv          text15       025E
__end_of___awmod          text14       0317
__end_of___lwdiv          text13       03B4
__end_of___lwmod          text12       0434
__end_of___wmul           text7        04B5
__end_of__initialization  cinit        0028
__end_of_config_adc       text20       04F5
__end_of_config_int       text19       0591
__end_of_config_io        text18       054B
__end_of_config_reloj     text17       058E
__end_of_config_rx        text16       0526
__end_of_divisor          text11       02BC
__end_of_ini_LCD          text8        036E
__end_of_isr              text21       03F8
__end_of_main             maintext     018B
__end_of_map              text6        048E
__end_of_pulse_E          text10       057F
__end_of_set_Cursor       text5        04D6
__end_of_strlen           text4        0510
__end_of_w_Char           text3        0567
__end_of_w_Instruction    text9        0573
__end_of_w_String         text2        0461
__end_of_w_Titulos        text1        01F5
__initialization          cinit        0011
__pbssBANK0               bssBANK0     003F
__pbssCOMMON              bssCOMMON    0078
__pcstackBANK0            cstackBANK0  0020
__pcstackCOMMON           cstackCOMMON 0070
__pdataBANK0              dataBANK0    0051
__pidataBANK0             idataBANK0   054B
__pintentry               intentry     0004
__pmaintext               maintext     002C
__ptext1                  text1        018B
__ptext10                 text10       0573
__ptext11                 text11       025E
__ptext12                 text12       03F8
__ptext13                 text13       036E
__ptext14                 text14       02BC
__ptext15                 text15       01F5
__ptext16                 text16       0510
__ptext17                 text17       0587
__ptext18                 text18       0539
__ptext19                 text19       058E
__ptext2                  text2        0434
__ptext20                 text20       04D6
__ptext21                 text21       03B4
__ptext3                  text3        055B
__ptext4                  text4        04F5
__ptext5                  text5        04B5
__ptext6                  text6        0461
__ptext7                  text7        048E
__ptext8                  text8        0317
__ptext9                  text9        0567
__size_of___awdiv         (abs)        0000
__size_of___awmod         (abs)        0000
__size_of___lwdiv         (abs)        0000
__size_of___lwmod         (abs)        0000
__size_of___wmul          (abs)        0000
__size_of_config_adc      (abs)        0000
__size_of_config_int      (abs)        0000
__size_of_config_io       (abs)        0000
__size_of_config_reloj    (abs)        0000
__size_of_config_rx       (abs)        0000
__size_of_divisor         (abs)        0000
__size_of_ini_LCD         (abs)        0000
__size_of_isr             (abs)        0000
__size_of_main            (abs)        0000
__size_of_map             (abs)        0000
__size_of_pulse_E         (abs)        0000
__size_of_set_Cursor      (abs)        0000
__size_of_strlen          (abs)        0000
__size_of_w_Char          (abs)        0000
__size_of_w_Instruction   (abs)        0000
__size_of_w_String        (abs)        0000
__size_of_w_Titulos       (abs)        0000
_config_adc               text20       04D6
_config_int               text19       058E
_config_io                text18       0539
_config_reloj             text17       0587
_config_rx                text16       0510
_cont                     bssBANK0     003F
_data_rx                  bssCOMMON    0078
_divisor                  text11       025E
_ini_LCD                  text8        0317
_isr                      text21       03B4
_main                     maintext     002C
_map                      text6        0461
_pot1                     bssBANK0     004B
_pot2                     bssBANK0     0045
_pulse_E                  text10       0573
_set_Cursor               text5        04B5
_strlen                   text4        04F5
_w_Char                   text3        055B
_w_Instruction            text9        0567
_w_String                 text2        0434
_w_Titulos                text1        018B
btemp                     (abs)        007E
clear_ram0                clrtext      057F
divisor@aux               cstackBANK0  0034
divisor@centena           cstackBANK0  002E
divisor@decena            cstackBANK0  002F
divisor@num               cstackBANK0  002C
divisor@unidad            cstackBANK0  0030
end_of_initialization     cinit        0028
init_fetch0               inittext     0526
init_ram0                 inittext     052A
interrupt_function        intentry     0004
intlevel0                 functab      0000
intlevel1                 functab      0000
intlevel2                 functab      0000
intlevel3                 functab      0000
intlevel4                 functab      0000
intlevel5                 functab      0000
map@num                   cstackBANK0  0030
map@res                   cstackBANK0  0031
reset_vec                 reset_vec    0000
saved_w                   (abs)        007E
set_Cursor@direction      cstackBANK0  0023
set_Cursor@line           cstackBANK0  0022
set_Cursor@pos            cstackCOMMON 0077
start                     init         000E
start_initialization      cinit        0011
strlen@cp                 cstackBANK0  0021
strlen@s                  cstackBANK0  0020
w_Char@data               cstackCOMMON 0076
w_Instruction@instruction cstackCOMMON 0076
w_String@data             cstackBANK0  0024
w_String@i                cstackBANK0  0025
w_Titulos@F1403           dataBANK0    0051
w_Titulos@title           cstackBANK0  002A
wtemp0                    (abs)        007E


MODULE INFORMATION

Module		Function		Class		Link	Load	Size
USART.c
		_config_rx     		CODE           	0510	0000	22

USART.c estimated size: 22

C:\Program Files\Microchip\xc8\v2.32\pic\sources\c90\common\strlen.c
		_strlen        		CODE           	04F5	0000	27

C:\Program Files\Microchip\xc8\v2.32\pic\sources\c90\common\strlen.c estimated size: 27

C:\Program Files\Microchip\xc8\v2.32\pic\sources\c90\common\lwmod.c
		___lwmod       		CODE           	03F8	0000	60

C:\Program Files\Microchip\xc8\v2.32\pic\sources\c90\common\lwmod.c estimated size: 60

C:\Program Files\Microchip\xc8\v2.32\pic\sources\c90\common\awmod.c
		___awmod       		CODE           	02BC	0000	91

C:\Program Files\Microchip\xc8\v2.32\pic\sources\c90\common\awmod.c estimated size: 91

D2_Lab2.c
		_map           		CODE           	0461	0000	45
		_main          		CODE           	002C	0000	351
		_isr           		CODE           	03B4	0000	68
		_config_io     		CODE           	0539	0000	18
		_config_int    		CODE           	058E	0000	3
		_divisor       		CODE           	025E	0000	94
		_config_reloj  		CODE           	0587	0000	7

D2_Lab2.c estimated size: 586

shared
		__initialization		CODE           	0011	0000	23

shared estimated size: 23

ADC.c
		_config_adc    		CODE           	04D6	0000	31

ADC.c estimated size: 31

C:\Program Files\Microchip\xc8\v2.32\pic\sources\c90\common\lwdiv.c
		___lwdiv       		CODE           	036E	0000	70

C:\Program Files\Microchip\xc8\v2.32\pic\sources\c90\common\lwdiv.c estimated size: 70

C:\Program Files\Microchip\xc8\v2.32\pic\sources\c90\common\awdiv.c
		___awdiv       		CODE           	01F5	0000	105

C:\Program Files\Microchip\xc8\v2.32\pic\sources\c90\common\awdiv.c estimated size: 105

C:\Program Files\Microchip\xc8\v2.32\pic\sources\c90\common\Umul16.c
		___wmul        		CODE           	048E	0000	39

C:\Program Files\Microchip\xc8\v2.32\pic\sources\c90\common\Umul16.c estimated size: 39

LCD.c
		_w_Char        		CODE           	055B	0000	12
		_ini_LCD       		CODE           	0317	0000	87
		_w_Instruction 		CODE           	0567	0000	12
		_w_String      		CODE           	0434	0000	45
		_w_Titulos     		CODE           	018B	0000	106
		_pulse_E       		CODE           	0573	0000	12
		_set_Cursor    		CODE           	04B5	0000	33

LCD.c estimated size: 307

